Collecting requests==2.28.2 (from -r /home/brittonhansle2/BrittonMethod-auto/requirements.minimal.txt (line 3))
  Using cached requests-2.28.2-py3-none-any.whl.metadata (4.6 kB)
Collecting python-dotenv==1.0.0 (from -r /home/brittonhansle2/BrittonMethod-auto/requirements.minimal.txt (line 4))
  Using cached python_dotenv-1.0.0-py3-none-any.whl.metadata (21 kB)
Collecting beautifulsoup4==4.14.2 (from -r /home/brittonhansle2/BrittonMethod-auto/requirements.minimal.txt (line 5))
  Using cached beautifulsoup4-4.14.2-py3-none-any.whl.metadata (3.8 kB)
Collecting pandas>=2.1.0 (from -r /home/brittonhansle2/BrittonMethod-auto/requirements.minimal.txt (line 8))
  Using cached pandas-2.3.3-cp312-cp312-manylinux_2_24_x86_64.manylinux_2_28_x86_64.whl.metadata (91 kB)
Collecting numpy>=2.3.0 (from -r /home/brittonhansle2/BrittonMethod-auto/requirements.minimal.txt (line 9))
  Using cached numpy-2.3.5-cp312-cp312-manylinux_2_27_x86_64.manylinux_2_28_x86_64.whl.metadata (62 kB)
Collecting Flask==2.2.5 (from -r /home/brittonhansle2/BrittonMethod-auto/requirements.minimal.txt (line 12))
  Using cached Flask-2.2.5-py3-none-any.whl.metadata (3.9 kB)
Collecting gunicorn==20.1.0 (from -r /home/brittonhansle2/BrittonMethod-auto/requirements.minimal.txt (line 13))
  Using cached gunicorn-20.1.0-py3-none-any.whl.metadata (3.8 kB)
Collecting uvicorn==0.22.0 (from -r /home/brittonhansle2/BrittonMethod-auto/requirements.minimal.txt (line 14))
  Using cached uvicorn-0.22.0-py3-none-any.whl.metadata (6.3 kB)
Collecting streamlit>=1.51.0 (from -r /home/brittonhansle2/BrittonMethod-auto/requirements.minimal.txt (line 16))
  Using cached streamlit-1.51.0-py3-none-any.whl.metadata (9.5 kB)
Collecting SQLAlchemy==2.0.44 (from -r /home/brittonhansle2/BrittonMethod-auto/requirements.minimal.txt (line 19))
  Using cached sqlalchemy-2.0.44-cp312-cp312-manylinux_2_17_x86_64.manylinux2014_x86_64.whl.metadata (9.5 kB)
Collecting psycopg2-binary>=2.9.11 (from -r /home/brittonhansle2/BrittonMethod-auto/requirements.minimal.txt (line 20))
  Using cached psycopg2_binary-2.9.11-cp312-cp312-manylinux2014_x86_64.manylinux_2_17_x86_64.whl.metadata (4.9 kB)
Collecting alembic==1.17.2 (from -r /home/brittonhansle2/BrittonMethod-auto/requirements.minimal.txt (line 21))
  Using cached alembic-1.17.2-py3-none-any.whl.metadata (7.2 kB)
Collecting redis>=4.5.5 (from -r /home/brittonhansle2/BrittonMethod-auto/requirements.minimal.txt (line 24))
  Using cached redis-7.1.0-py3-none-any.whl.metadata (12 kB)
Collecting celery==5.5.3 (from celery[redis]==5.5.3->-r /home/brittonhansle2/BrittonMethod-auto/requirements.minimal.txt (line 25))
  Using cached celery-5.5.3-py3-none-any.whl.metadata (22 kB)
Collecting twilio==8.10.0 (from -r /home/brittonhansle2/BrittonMethod-auto/requirements.minimal.txt (line 28))
  Using cached twilio-8.10.0-py2.py3-none-any.whl.metadata (12 kB)
Collecting charset-normalizer<4,>=2 (from requests==2.28.2->-r /home/brittonhansle2/BrittonMethod-auto/requirements.minimal.txt (line 3))
  Using cached charset_normalizer-3.4.4-cp312-cp312-manylinux2014_x86_64.manylinux_2_17_x86_64.manylinux_2_28_x86_64.whl.metadata (37 kB)
Collecting idna<4,>=2.5 (from requests==2.28.2->-r /home/brittonhansle2/BrittonMethod-auto/requirements.minimal.txt (line 3))
  Using cached idna-3.11-py3-none-any.whl.metadata (8.4 kB)
Collecting urllib3<1.27,>=1.21.1 (from requests==2.28.2->-r /home/brittonhansle2/BrittonMethod-auto/requirements.minimal.txt (line 3))
  Using cached urllib3-1.26.20-py2.py3-none-any.whl.metadata (50 kB)
Collecting certifi>=2017.4.17 (from requests==2.28.2->-r /home/brittonhansle2/BrittonMethod-auto/requirements.minimal.txt (line 3))
  Using cached certifi-2025.11.12-py3-none-any.whl.metadata (2.5 kB)
Collecting soupsieve>1.2 (from beautifulsoup4==4.14.2->-r /home/brittonhansle2/BrittonMethod-auto/requirements.minimal.txt (line 5))
  Using cached soupsieve-2.8-py3-none-any.whl.metadata (4.6 kB)
Collecting typing-extensions>=4.0.0 (from beautifulsoup4==4.14.2->-r /home/brittonhansle2/BrittonMethod-auto/requirements.minimal.txt (line 5))
  Using cached typing_extensions-4.15.0-py3-none-any.whl.metadata (3.3 kB)
Collecting Werkzeug>=2.2.2 (from Flask==2.2.5->-r /home/brittonhansle2/BrittonMethod-auto/requirements.minimal.txt (line 12))
  Using cached werkzeug-3.1.3-py3-none-any.whl.metadata (3.7 kB)
Collecting Jinja2>=3.0 (from Flask==2.2.5->-r /home/brittonhansle2/BrittonMethod-auto/requirements.minimal.txt (line 12))
  Using cached jinja2-3.1.6-py3-none-any.whl.metadata (2.9 kB)
Collecting itsdangerous>=2.0 (from Flask==2.2.5->-r /home/brittonhansle2/BrittonMethod-auto/requirements.minimal.txt (line 12))
  Using cached itsdangerous-2.2.0-py3-none-any.whl.metadata (1.9 kB)
Collecting click>=8.0 (from Flask==2.2.5->-r /home/brittonhansle2/BrittonMethod-auto/requirements.minimal.txt (line 12))
  Using cached click-8.3.1-py3-none-any.whl.metadata (2.6 kB)
Requirement already satisfied: setuptools>=3.0 in ./venv/lib/python3.12/site-packages (from gunicorn==20.1.0->-r /home/brittonhansle2/BrittonMethod-auto/requirements.minimal.txt (line 13)) (80.9.0)
Collecting h11>=0.8 (from uvicorn==0.22.0->-r /home/brittonhansle2/BrittonMethod-auto/requirements.minimal.txt (line 14))
  Using cached h11-0.16.0-py3-none-any.whl.metadata (8.3 kB)
Collecting greenlet>=1 (from SQLAlchemy==2.0.44->-r /home/brittonhansle2/BrittonMethod-auto/requirements.minimal.txt (line 19))
  Using cached greenlet-3.2.4-cp312-cp312-manylinux_2_24_x86_64.manylinux_2_28_x86_64.whl.metadata (4.1 kB)
Collecting Mako (from alembic==1.17.2->-r /home/brittonhansle2/BrittonMethod-auto/requirements.minimal.txt (line 21))
  Using cached mako-1.3.10-py3-none-any.whl.metadata (2.9 kB)
Collecting billiard<5.0,>=4.2.1 (from celery==5.5.3->celery[redis]==5.5.3->-r /home/brittonhansle2/BrittonMethod-auto/requirements.minimal.txt (line 25))
  Using cached billiard-4.2.3-py3-none-any.whl.metadata (4.8 kB)
Collecting kombu<5.6,>=5.5.2 (from celery==5.5.3->celery[redis]==5.5.3->-r /home/brittonhansle2/BrittonMethod-auto/requirements.minimal.txt (line 25))
  Using cached kombu-5.5.4-py3-none-any.whl.metadata (3.5 kB)
Collecting vine<6.0,>=5.1.0 (from celery==5.5.3->celery[redis]==5.5.3->-r /home/brittonhansle2/BrittonMethod-auto/requirements.minimal.txt (line 25))
  Using cached vine-5.1.0-py3-none-any.whl.metadata (2.7 kB)
Collecting click-didyoumean>=0.3.0 (from celery==5.5.3->celery[redis]==5.5.3->-r /home/brittonhansle2/BrittonMethod-auto/requirements.minimal.txt (line 25))
  Using cached click_didyoumean-0.3.1-py3-none-any.whl.metadata (3.9 kB)
Collecting click-repl>=0.2.0 (from celery==5.5.3->celery[redis]==5.5.3->-r /home/brittonhansle2/BrittonMethod-auto/requirements.minimal.txt (line 25))
  Using cached click_repl-0.3.0-py3-none-any.whl.metadata (3.6 kB)
Collecting click-plugins>=1.1.1 (from celery==5.5.3->celery[redis]==5.5.3->-r /home/brittonhansle2/BrittonMethod-auto/requirements.minimal.txt (line 25))
  Using cached click_plugins-1.1.1.2-py2.py3-none-any.whl.metadata (6.5 kB)
Collecting python-dateutil>=2.8.2 (from celery==5.5.3->celery[redis]==5.5.3->-r /home/brittonhansle2/BrittonMethod-auto/requirements.minimal.txt (line 25))
  Using cached python_dateutil-2.9.0.post0-py2.py3-none-any.whl.metadata (8.4 kB)
Collecting PyJWT<3.0.0,>=2.0.0 (from twilio==8.10.0->-r /home/brittonhansle2/BrittonMethod-auto/requirements.minimal.txt (line 28))
  Using cached PyJWT-2.10.1-py3-none-any.whl.metadata (4.0 kB)
Collecting aiohttp>=3.8.4 (from twilio==8.10.0->-r /home/brittonhansle2/BrittonMethod-auto/requirements.minimal.txt (line 28))
  Downloading aiohttp-3.13.2-cp312-cp312-manylinux2014_x86_64.manylinux_2_17_x86_64.manylinux_2_28_x86_64.whl.metadata (8.1 kB)
Collecting aiohttp-retry>=2.8.3 (from twilio==8.10.0->-r /home/brittonhansle2/BrittonMethod-auto/requirements.minimal.txt (line 28))
  Using cached aiohttp_retry-2.9.1-py3-none-any.whl.metadata (8.8 kB)
Collecting amqp<6.0.0,>=5.1.1 (from kombu<5.6,>=5.5.2->celery==5.5.3->celery[redis]==5.5.3->-r /home/brittonhansle2/BrittonMethod-auto/requirements.minimal.txt (line 25))
  Using cached amqp-5.3.1-py3-none-any.whl.metadata (8.9 kB)
Collecting tzdata>=2025.2 (from kombu<5.6,>=5.5.2->celery==5.5.3->celery[redis]==5.5.3->-r /home/brittonhansle2/BrittonMethod-auto/requirements.minimal.txt (line 25))
  Using cached tzdata-2025.2-py2.py3-none-any.whl.metadata (1.4 kB)
Collecting packaging (from kombu<5.6,>=5.5.2->celery==5.5.3->celery[redis]==5.5.3->-r /home/brittonhansle2/BrittonMethod-auto/requirements.minimal.txt (line 25))
  Using cached packaging-25.0-py3-none-any.whl.metadata (3.3 kB)
Collecting pytz>=2020.1 (from pandas>=2.1.0->-r /home/brittonhansle2/BrittonMethod-auto/requirements.minimal.txt (line 8))
  Using cached pytz-2025.2-py2.py3-none-any.whl.metadata (22 kB)
Collecting altair!=5.4.0,!=5.4.1,<6,>=4.0 (from streamlit>=1.51.0->-r /home/brittonhansle2/BrittonMethod-auto/requirements.minimal.txt (line 16))
  Using cached altair-5.5.0-py3-none-any.whl.metadata (11 kB)
Collecting blinker<2,>=1.5.0 (from streamlit>=1.51.0->-r /home/brittonhansle2/BrittonMethod-auto/requirements.minimal.txt (line 16))
  Using cached blinker-1.9.0-py3-none-any.whl.metadata (1.6 kB)
Collecting cachetools<7,>=4.0 (from streamlit>=1.51.0->-r /home/brittonhansle2/BrittonMethod-auto/requirements.minimal.txt (line 16))
  Using cached cachetools-6.2.2-py3-none-any.whl.metadata (5.6 kB)
Collecting pillow<13,>=7.1.0 (from streamlit>=1.51.0->-r /home/brittonhansle2/BrittonMethod-auto/requirements.minimal.txt (line 16))
  Using cached pillow-12.0.0-cp312-cp312-manylinux_2_27_x86_64.manylinux_2_28_x86_64.whl.metadata (8.8 kB)
Collecting protobuf<7,>=3.20 (from streamlit>=1.51.0->-r /home/brittonhansle2/BrittonMethod-auto/requirements.minimal.txt (line 16))
  Using cached protobuf-6.33.1-cp39-abi3-manylinux2014_x86_64.whl.metadata (593 bytes)
Collecting pyarrow<22,>=7.0 (from streamlit>=1.51.0->-r /home/brittonhansle2/BrittonMethod-auto/requirements.minimal.txt (line 16))
  Using cached pyarrow-21.0.0-cp312-cp312-manylinux_2_28_x86_64.whl.metadata (3.3 kB)
Collecting tenacity<10,>=8.1.0 (from streamlit>=1.51.0->-r /home/brittonhansle2/BrittonMethod-auto/requirements.minimal.txt (line 16))
  Using cached tenacity-9.1.2-py3-none-any.whl.metadata (1.2 kB)
Collecting toml<2,>=0.10.1 (from streamlit>=1.51.0->-r /home/brittonhansle2/BrittonMethod-auto/requirements.minimal.txt (line 16))
  Using cached toml-0.10.2-py2.py3-none-any.whl.metadata (7.1 kB)
Collecting watchdog<7,>=2.1.5 (from streamlit>=1.51.0->-r /home/brittonhansle2/BrittonMethod-auto/requirements.minimal.txt (line 16))
  Using cached watchdog-6.0.0-py3-none-manylinux2014_x86_64.whl.metadata (44 kB)
Collecting gitpython!=3.1.19,<4,>=3.0.7 (from streamlit>=1.51.0->-r /home/brittonhansle2/BrittonMethod-auto/requirements.minimal.txt (line 16))
  Using cached gitpython-3.1.45-py3-none-any.whl.metadata (13 kB)
Collecting pydeck<1,>=0.8.0b4 (from streamlit>=1.51.0->-r /home/brittonhansle2/BrittonMethod-auto/requirements.minimal.txt (line 16))
  Using cached pydeck-0.9.1-py2.py3-none-any.whl.metadata (4.1 kB)
Collecting tornado!=6.5.0,<7,>=6.0.3 (from streamlit>=1.51.0->-r /home/brittonhansle2/BrittonMethod-auto/requirements.minimal.txt (line 16))
  Using cached tornado-6.5.2-cp39-abi3-manylinux_2_5_x86_64.manylinux1_x86_64.manylinux_2_17_x86_64.manylinux2014_x86_64.whl.metadata (2.8 kB)
Collecting jsonschema>=3.0 (from altair!=5.4.0,!=5.4.1,<6,>=4.0->streamlit>=1.51.0->-r /home/brittonhansle2/BrittonMethod-auto/requirements.minimal.txt (line 16))
  Using cached jsonschema-4.25.1-py3-none-any.whl.metadata (7.6 kB)
Collecting narwhals>=1.14.2 (from altair!=5.4.0,!=5.4.1,<6,>=4.0->streamlit>=1.51.0->-r /home/brittonhansle2/BrittonMethod-auto/requirements.minimal.txt (line 16))
  Using cached narwhals-2.12.0-py3-none-any.whl.metadata (11 kB)
Collecting gitdb<5,>=4.0.1 (from gitpython!=3.1.19,<4,>=3.0.7->streamlit>=1.51.0->-r /home/brittonhansle2/BrittonMethod-auto/requirements.minimal.txt (line 16))
  Using cached gitdb-4.0.12-py3-none-any.whl.metadata (1.2 kB)
Collecting smmap<6,>=3.0.1 (from gitdb<5,>=4.0.1->gitpython!=3.1.19,<4,>=3.0.7->streamlit>=1.51.0->-r /home/brittonhansle2/BrittonMethod-auto/requirements.minimal.txt (line 16))
  Using cached smmap-5.0.2-py3-none-any.whl.metadata (4.3 kB)
Collecting aiohappyeyeballs>=2.5.0 (from aiohttp>=3.8.4->twilio==8.10.0->-r /home/brittonhansle2/BrittonMethod-auto/requirements.minimal.txt (line 28))
  Downloading aiohappyeyeballs-2.6.1-py3-none-any.whl.metadata (5.9 kB)
Collecting aiosignal>=1.4.0 (from aiohttp>=3.8.4->twilio==8.10.0->-r /home/brittonhansle2/BrittonMethod-auto/requirements.minimal.txt (line 28))
  Using cached aiosignal-1.4.0-py3-none-any.whl.metadata (3.7 kB)
Collecting attrs>=17.3.0 (from aiohttp>=3.8.4->twilio==8.10.0->-r /home/brittonhansle2/BrittonMethod-auto/requirements.minimal.txt (line 28))
  Using cached attrs-25.4.0-py3-none-any.whl.metadata (10 kB)
Collecting frozenlist>=1.1.1 (from aiohttp>=3.8.4->twilio==8.10.0->-r /home/brittonhansle2/BrittonMethod-auto/requirements.minimal.txt (line 28))
  Using cached frozenlist-1.8.0-cp312-cp312-manylinux1_x86_64.manylinux_2_28_x86_64.manylinux_2_5_x86_64.whl.metadata (20 kB)
Collecting multidict<7.0,>=4.5 (from aiohttp>=3.8.4->twilio==8.10.0->-r /home/brittonhansle2/BrittonMethod-auto/requirements.minimal.txt (line 28))
  Using cached multidict-6.7.0-cp312-cp312-manylinux2014_x86_64.manylinux_2_17_x86_64.manylinux_2_28_x86_64.whl.metadata (5.3 kB)
Collecting propcache>=0.2.0 (from aiohttp>=3.8.4->twilio==8.10.0->-r /home/brittonhansle2/BrittonMethod-auto/requirements.minimal.txt (line 28))
  Downloading propcache-0.4.1-cp312-cp312-manylinux2014_x86_64.manylinux_2_17_x86_64.manylinux_2_28_x86_64.whl.metadata (13 kB)
Collecting yarl<2.0,>=1.17.0 (from aiohttp>=3.8.4->twilio==8.10.0->-r /home/brittonhansle2/BrittonMethod-auto/requirements.minimal.txt (line 28))
  Using cached yarl-1.22.0-cp312-cp312-manylinux2014_x86_64.manylinux_2_17_x86_64.manylinux_2_28_x86_64.whl.metadata (75 kB)
Collecting prompt-toolkit>=3.0.36 (from click-repl>=0.2.0->celery==5.5.3->celery[redis]==5.5.3->-r /home/brittonhansle2/BrittonMethod-auto/requirements.minimal.txt (line 25))
  Using cached prompt_toolkit-3.0.52-py3-none-any.whl.metadata (6.4 kB)
Collecting MarkupSafe>=2.0 (from Jinja2>=3.0->Flask==2.2.5->-r /home/brittonhansle2/BrittonMethod-auto/requirements.minimal.txt (line 12))
  Using cached markupsafe-3.0.3-cp312-cp312-manylinux2014_x86_64.manylinux_2_17_x86_64.manylinux_2_28_x86_64.whl.metadata (2.7 kB)
Collecting jsonschema-specifications>=2023.03.6 (from jsonschema>=3.0->altair!=5.4.0,!=5.4.1,<6,>=4.0->streamlit>=1.51.0->-r /home/brittonhansle2/BrittonMethod-auto/requirements.minimal.txt (line 16))
  Using cached jsonschema_specifications-2025.9.1-py3-none-any.whl.metadata (2.9 kB)
Collecting referencing>=0.28.4 (from jsonschema>=3.0->altair!=5.4.0,!=5.4.1,<6,>=4.0->streamlit>=1.51.0->-r /home/brittonhansle2/BrittonMethod-auto/requirements.minimal.txt (line 16))
  Using cached referencing-0.37.0-py3-none-any.whl.metadata (2.8 kB)
Collecting rpds-py>=0.7.1 (from jsonschema>=3.0->altair!=5.4.0,!=5.4.1,<6,>=4.0->streamlit>=1.51.0->-r /home/brittonhansle2/BrittonMethod-auto/requirements.minimal.txt (line 16))
  Using cached rpds_py-0.29.0-cp312-cp312-manylinux_2_17_x86_64.manylinux2014_x86_64.whl.metadata (4.1 kB)
Collecting wcwidth (from prompt-toolkit>=3.0.36->click-repl>=0.2.0->celery==5.5.3->celery[redis]==5.5.3->-r /home/brittonhansle2/BrittonMethod-auto/requirements.minimal.txt (line 25))
  Using cached wcwidth-0.2.14-py2.py3-none-any.whl.metadata (15 kB)
Collecting six>=1.5 (from python-dateutil>=2.8.2->celery==5.5.3->celery[redis]==5.5.3->-r /home/brittonhansle2/BrittonMethod-auto/requirements.minimal.txt (line 25))
  Using cached six-1.17.0-py2.py3-none-any.whl.metadata (1.7 kB)
Collecting redis>=4.5.5 (from -r /home/brittonhansle2/BrittonMethod-auto/requirements.minimal.txt (line 24))
  Downloading redis-5.2.1-py3-none-any.whl.metadata (9.1 kB)
Downloading requests-2.28.2-py3-none-any.whl (62 kB)
Downloading python_dotenv-1.0.0-py3-none-any.whl (19 kB)
Using cached beautifulsoup4-4.14.2-py3-none-any.whl (106 kB)
Downloading Flask-2.2.5-py3-none-any.whl (101 kB)
Downloading gunicorn-20.1.0-py3-none-any.whl (79 kB)
Downloading uvicorn-0.22.0-py3-none-any.whl (58 kB)
Using cached sqlalchemy-2.0.44-cp312-cp312-manylinux_2_17_x86_64.manylinux2014_x86_64.whl (3.3 MB)
Using cached alembic-1.17.2-py3-none-any.whl (248 kB)
Using cached celery-5.5.3-py3-none-any.whl (438 kB)
Downloading twilio-8.10.0-py2.py3-none-any.whl (1.8 MB)
   ━━━━━━━━━━━━━━━━━━━━━━━━━━━━━━━━━━━━━━━━ 1.8/1.8 MB 9.5 MB/s  0:00:00
Using cached billiard-4.2.3-py3-none-any.whl (87 kB)
Using cached charset_normalizer-3.4.4-cp312-cp312-manylinux2014_x86_64.manylinux_2_17_x86_64.manylinux_2_28_x86_64.whl (153 kB)
Using cached click-8.3.1-py3-none-any.whl (108 kB)
Using cached idna-3.11-py3-none-any.whl (71 kB)
Using cached kombu-5.5.4-py3-none-any.whl (210 kB)
Using cached vine-5.1.0-py3-none-any.whl (9.6 kB)
Using cached amqp-5.3.1-py3-none-any.whl (50 kB)
Downloading PyJWT-2.10.1-py3-none-any.whl (22 kB)
Downloading urllib3-1.26.20-py2.py3-none-any.whl (144 kB)
Using cached pandas-2.3.3-cp312-cp312-manylinux_2_24_x86_64.manylinux_2_28_x86_64.whl (12.4 MB)
Using cached numpy-2.3.5-cp312-cp312-manylinux_2_27_x86_64.manylinux_2_28_x86_64.whl (16.6 MB)
Using cached streamlit-1.51.0-py3-none-any.whl (10.2 MB)
Using cached altair-5.5.0-py3-none-any.whl (731 kB)
Using cached blinker-1.9.0-py3-none-any.whl (8.5 kB)
Using cached cachetools-6.2.2-py3-none-any.whl (11 kB)
Using cached gitpython-3.1.45-py3-none-any.whl (208 kB)
Using cached gitdb-4.0.12-py3-none-any.whl (62 kB)
Using cached packaging-25.0-py3-none-any.whl (66 kB)
Using cached pillow-12.0.0-cp312-cp312-manylinux_2_27_x86_64.manylinux_2_28_x86_64.whl (7.0 MB)
Using cached protobuf-6.33.1-cp39-abi3-manylinux2014_x86_64.whl (323 kB)
Using cached pyarrow-21.0.0-cp312-cp312-manylinux_2_28_x86_64.whl (42.8 MB)
Using cached pydeck-0.9.1-py2.py3-none-any.whl (6.9 MB)
Using cached smmap-5.0.2-py3-none-any.whl (24 kB)
Using cached tenacity-9.1.2-py3-none-any.whl (28 kB)
Using cached toml-0.10.2-py2.py3-none-any.whl (16 kB)
Using cached tornado-6.5.2-cp39-abi3-manylinux_2_5_x86_64.manylinux1_x86_64.manylinux_2_17_x86_64.manylinux2014_x86_64.whl (443 kB)
Using cached typing_extensions-4.15.0-py3-none-any.whl (44 kB)
Using cached watchdog-6.0.0-py3-none-manylinux2014_x86_64.whl (79 kB)
Using cached psycopg2_binary-2.9.11-cp312-cp312-manylinux2014_x86_64.manylinux_2_17_x86_64.whl (4.2 MB)
Downloading aiohttp-3.13.2-cp312-cp312-manylinux2014_x86_64.manylinux_2_17_x86_64.manylinux_2_28_x86_64.whl (1.8 MB)
   ━━━━━━━━━━━━━━━━━━━━━━━━━━━━━━━━━━━━━━━━ 1.8/1.8 MB 9.8 MB/s  0:00:00
Downloading multidict-6.7.0-cp312-cp312-manylinux2014_x86_64.manylinux_2_17_x86_64.manylinux_2_28_x86_64.whl (256 kB)
Downloading yarl-1.22.0-cp312-cp312-manylinux2014_x86_64.manylinux_2_17_x86_64.manylinux_2_28_x86_64.whl (377 kB)
Downloading aiohappyeyeballs-2.6.1-py3-none-any.whl (15 kB)
Downloading aiohttp_retry-2.9.1-py3-none-any.whl (10.0 kB)
Downloading aiosignal-1.4.0-py3-none-any.whl (7.5 kB)
Using cached attrs-25.4.0-py3-none-any.whl (67 kB)
Using cached certifi-2025.11.12-py3-none-any.whl (159 kB)
Using cached click_didyoumean-0.3.1-py3-none-any.whl (3.6 kB)
Using cached click_plugins-1.1.1.2-py2.py3-none-any.whl (11 kB)
Using cached click_repl-0.3.0-py3-none-any.whl (10 kB)
Downloading frozenlist-1.8.0-cp312-cp312-manylinux1_x86_64.manylinux_2_28_x86_64.manylinux_2_5_x86_64.whl (242 kB)
Using cached greenlet-3.2.4-cp312-cp312-manylinux_2_24_x86_64.manylinux_2_28_x86_64.whl (607 kB)
Using cached h11-0.16.0-py3-none-any.whl (37 kB)
Using cached itsdangerous-2.2.0-py3-none-any.whl (16 kB)
Using cached jinja2-3.1.6-py3-none-any.whl (134 kB)
Using cached jsonschema-4.25.1-py3-none-any.whl (90 kB)
Using cached jsonschema_specifications-2025.9.1-py3-none-any.whl (18 kB)
Using cached markupsafe-3.0.3-cp312-cp312-manylinux2014_x86_64.manylinux_2_17_x86_64.manylinux_2_28_x86_64.whl (22 kB)
Using cached narwhals-2.12.0-py3-none-any.whl (425 kB)
Using cached prompt_toolkit-3.0.52-py3-none-any.whl (391 kB)
Downloading propcache-0.4.1-cp312-cp312-manylinux2014_x86_64.manylinux_2_17_x86_64.manylinux_2_28_x86_64.whl (221 kB)
Using cached python_dateutil-2.9.0.post0-py2.py3-none-any.whl (229 kB)
Using cached pytz-2025.2-py2.py3-none-any.whl (509 kB)
Using cached referencing-0.37.0-py3-none-any.whl (26 kB)
Using cached rpds_py-0.29.0-cp312-cp312-manylinux_2_17_x86_64.manylinux2014_x86_64.whl (395 kB)
Using cached six-1.17.0-py2.py3-none-any.whl (11 kB)
Using cached soupsieve-2.8-py3-none-any.whl (36 kB)
Using cached tzdata-2025.2-py2.py3-none-any.whl (347 kB)
Using cached werkzeug-3.1.3-py3-none-any.whl (224 kB)
Downloading redis-5.2.1-py3-none-any.whl (261 kB)
Using cached mako-1.3.10-py3-none-any.whl (78 kB)
Using cached wcwidth-0.2.14-py2.py3-none-any.whl (37 kB)
Installing collected packages: pytz, wcwidth, watchdog, vine, urllib3, tzdata, typing-extensions, tornado, toml, tenacity, soupsieve, smmap, six, rpds-py, redis, python-dotenv, PyJWT, pyarrow, psycopg2-binary, protobuf, propcache, pillow, packaging, numpy, narwhals, multidict, MarkupSafe, itsdangerous, idna, h11, gunicorn, greenlet, frozenlist, click, charset-normalizer, certifi, cachetools, blinker, billiard, attrs, aiohappyeyeballs, yarl, Werkzeug, uvicorn, SQLAlchemy, requests, referencing, python-dateutil, prompt-toolkit, Mako, Jinja2, gitdb, click-plugins, click-didyoumean, beautifulsoup4, amqp, aiosignal, pydeck, pandas, kombu, jsonschema-specifications, gitpython, Flask, click-repl, alembic, aiohttp, jsonschema, celery, aiohttp-retry, twilio, altair, streamlit

Successfully installed Flask-2.2.5 Jinja2-3.1.6 Mako-1.3.10 MarkupSafe-3.0.3 PyJWT-2.10.1 SQLAlchemy-2.0.44 Werkzeug-3.1.3 aiohappyeyeballs-2.6.1 aiohttp-3.13.2 aiohttp-retry-2.9.1 aiosignal-1.4.0 alembic-1.17.2 altair-5.5.0 amqp-5.3.1 attrs-25.4.0 beautifulsoup4-4.14.2 billiard-4.2.3 blinker-1.9.0 cachetools-6.2.2 celery-5.5.3 certifi-2025.11.12 charset-normalizer-3.4.4 click-8.3.1 click-didyoumean-0.3.1 click-plugins-1.1.1.2 click-repl-0.3.0 frozenlist-1.8.0 gitdb-4.0.12 gitpython-3.1.45 greenlet-3.2.4 gunicorn-20.1.0 h11-0.16.0 idna-3.11 itsdangerous-2.2.0 jsonschema-4.25.1 jsonschema-specifications-2025.9.1 kombu-5.5.4 multidict-6.7.0 narwhals-2.12.0 numpy-2.3.5 packaging-25.0 pandas-2.3.3 pillow-12.0.0 prompt-toolkit-3.0.52 propcache-0.4.1 protobuf-6.33.1 psycopg2-binary-2.9.11 pyarrow-21.0.0 pydeck-0.9.1 python-dateutil-2.9.0.post0 python-dotenv-1.0.0 pytz-2025.2 redis-5.2.1 referencing-0.37.0 requests-2.28.2 rpds-py-0.29.0 six-1.17.0 smmap-5.0.2 soupsieve-2.8 streamlit-1.51.0 tenacity-9.1.2 toml-0.10.2 tornado-6.5.2 twilio-8.10.0 typing-extensions-4.15.0 tzdata-2025.2 urllib3-1.26.20 uvicorn-0.22.0 vine-5.1.0 watchdog-6.0.0 wcwidth-0.2.14 yarl-1.22.0
